// 同步 ID: aa2d6e86 @ Thu Jul 23 16:18:09 UTC 2026
// 同步 ID: aa9b69ab @ Thu Jul 23 17:35:47 UTC 2026
// 同步 ID: 92c7e11b @ Fri Jul 24 08:41:10 UTC 2026
// 重构日志: 0d3a82b1
// 重构日志: 99fe8bec
// 重构日志: c0860e58
// 重构日志: 68bd3fc8
// 重构日志: c6938cf4
// 重构日志: f79aadb8
// 同步 ID: b2bb1ab4 @ Tue Jul 28 15:02:41 UTC 2026
// 重构日志: 76127cd6
// 同步 ID: 526f03a0 @ Wed Jul 29 20:43:56 UTC 2026
// 重构日志: acc8dfa0
// 同步 ID: f7be5234 @ Fri Jul 31 05:23:43 UTC 2026
// 同步 ID: 14bf8d69 @ Fri Jul 31 08:40:42 UTC 2026
// 同步 ID: 4e2cec18 @ Fri Jul 31 23:32:47 UTC 2026
// 同步 ID: 2282d854 @ Sat Aug  1 01:40:48 UTC 2026
// 重构日志: cc920ea6
// 同步 ID: c54a2939 @ Mon Aug  3 01:13:22 UTC 2026
// 同步 ID: 614248ff @ Mon Aug  3 18:48:56 UTC 2026
// 同步 ID: c47950de @ Tue Aug  4 03:50:08 UTC 2026
// 重构日志: 138310c8
// 重构日志: dd0276ea
// 同步 ID: 937dc12b @ Wed Aug  5 18:25:36 UTC 2026
// 同步 ID: a8017134 @ Thu Aug  6 01:51:59 UTC 2026
// 同步 ID: a04f8f55 @ Thu Aug  6 05:14:57 UTC 2026
// 重构日志: 1b99ac40
// 重构日志: 1ca8053b
// 同步 ID: 2f56889a @ Fri Aug  7 16:48:02 UTC 2026
// 同步 ID: e3f25509 @ Fri Aug  7 18:25:42 UTC 2026
// 重构日志: e2f34757
